172.18.0.1 - - [19/Jun/2024:15:35:08 +0000] "GET /debug-kit/toolbar/6edc05d5-801e-46fc-8e8e-323ed557c4ec HTTP/1.1" 200 1697 "http://localhost:8090/chats/" "Mozilla/5.0 (Windows NT 10.0; Win64; x64; rv:126.0) Gecko/20100101 Firefox/126.0"
127.0.0.1 - - [19/Jun/2024:15:35:08 +0000] "POST /chats/uiregister HTTP/1.1" 201 442 "-" "CakePHP"
172.18.0.1 - - [19/Jun/2024:15:38:19 +0000] "GET /chats/ HTTP/1.1" 200 5470 "-" "Mozilla/5.0 (Windows NT 10.0; Win64; x64; rv:126.0) Gecko/20100101 Firefox/126.0"
172.18.0.1 - - [19/Jun/2024:15:38:22 +0000] "GET /debug-kit/toolbar/eb72ab87-149c-4b74-910b-fc27f446d3d1 HTTP/1.1" 200 1692 "http://localhost:8090/chats/" "Mozilla/5.0 (Windows NT 10.0; Win64; x64; rv:126.0) Gecko/20100101 Firefox/126.0"
127.0.0.1 - - [19/Jun/2024:15:38:23 +0000] "POST /chats/uiregister HTTP/1.1" 201 442 "-" "CakePHP"
172.18.0.1 - - [19/Jun/2024:15:41:53 +0000] "GET /chats/ HTTP/1.1" 200 5466 "-" "Mozilla/5.0 (Windows NT 10.0; Win64; x64; rv:126.0) Gecko/20100101 Firefox/126.0"
172.18.0.1 - - [19/Jun/2024:15:41:57 +0000] "GET /debug-kit/toolbar/e7a95cc9-ae66-4396-810e-368773cdb90e HTTP/1.1" 200 1694 "http://localhost:8090/chats/" "Mozilla/5.0 (Windows NT 10.0; Win64; x64; rv:126.0) Gecko/20100101 Firefox/126.0"
127.0.0.1 - - [19/Jun/2024:15:41:57 +0000] "POST /chats/uiregister HTTP/1.1" 201 442 "-" "CakePHP"
172.18.0.1 - - [19/Jun/2024:15:42:31 +0000] "GET /chats/ HTTP/1.1" 200 5468 "-" "Mozilla/5.0 (Windows NT 10.0; Win64; x64; rv:126.0) Gecko/20100101 Firefox/126.0"
172.18.0.1 - - [19/Jun/2024:15:42:35 +0000] "GET /debug-kit/toolbar/0dd26ba3-dfca-4f91-b72d-decd6ee2789b HTTP/1.1" 200 1688 "http://localhost:8090/chats/" "Mozilla/5.0 (Windows NT 10.0; Win64; x64; rv:126.0) Gecko/20100101 Firefox/126.0"
127.0.0.1 - - [19/Jun/2024:15:42:35 +0000] "POST /chats/uiregister HTTP/1.1" 201 442 "-" "CakePHP"
172.18.0.1 - - [19/Jun/2024:15:44:53 +0000] "GET /chats/ HTTP/1.1" 200 5468 "-" "Mozilla/5.0 (Windows NT 10.0; Win64; x64; rv:126.0) Gecko/20100101 Firefox/126.0"
172.18.0.1 - - [19/Jun/2024:15:44:57 +0000] "GET /debug-kit/toolbar/21a5c638-9678-40fd-a049-ac083efd2c5f HTTP/1.1" 200 1695 "http://localhost:8090/chats/" "Mozilla/5.0 (Windows NT 10.0; Win64; x64; rv:126.0) Gecko/20100101 Firefox/126.0"
127.0.0.1 - - [19/Jun/2024:15:44:57 +0000] "POST /chats/uiregister HTTP/1.1" 201 442 "-" "CakePHP"
172.18.0.1 - - [19/Jun/2024:15:49:33 +0000] "GET /chats/ HTTP/1.1" 200 5470 "-" "Mozilla/5.0 (Windows NT 10.0; Win64; x64; rv:126.0) Gecko/20100101 Firefox/126.0"
172.18.0.1 - - [19/Jun/2024:15:49:37 +0000] "GET /plugins/fontawesome-free/css/all.min.css HTTP/1.1" 200 13208 "http://localhost:8090/chats/" "Mozilla/5.0 (Windows NT 10.0; Win64; x64; rv:126.0) Gecko/20100101 Firefox/126.0"
172.18.0.1 - - [19/Jun/2024:15:49:37 +0000] "GET /debug-kit/toolbar/0299887b-903a-4718-9aa3-cf21fc587c7e HTTP/1.1" 200 1693 "http://localhost:8090/chats/" "Mozilla/5.0 (Windows NT 10.0; Win64; x64; rv:126.0) Gecko/20100101 Firefox/126.0"
127.0.0.1 - - [19/Jun/2024:15:49:37 +0000] "POST /chats/uiregister HTTP/1.1" 201 442 "-" "CakePHP"
172.18.0.1 - - [19/Jun/2024:15:49:49 +0000] "GET /settings/switchCompany/1 HTTP/1.1" 200 447 "http://localhost:8090/chats/" "Mozilla/5.0 (Windows NT 10.0; Win64; x64; rv:126.0) Gecko/20100101 Firefox/126.0"
172.18.0.1 - - [19/Jun/2024:15:49:54 +0000] "GET /chats/ HTTP/1.1" 200 5470 "-" "Mozilla/5.0 (Windows NT 10.0; Win64; x64; rv:126.0) Gecko/20100101 Firefox/126.0"
172.18.0.1 - - [19/Jun/2024:15:49:56 +0000] "GET /debug-kit/toolbar/d7287dee-21c2-4e74-8321-4f979343e991 HTTP/1.1" 200 1694 "http://localhost:8090/chats/" "Mozilla/5.0 (Windows NT 10.0; Win64; x64; rv:126.0) Gecko/20100101 Firefox/126.0"
127.0.0.1 - - [19/Jun/2024:15:49:56 +0000] "POST /chats/uiregister HTTP/1.1" 201 442 "-" "CakePHP"
172.18.0.1 - - [19/Jun/2024:15:50:47 +0000] "GET /chats/ HTTP/1.1" 200 5470 "-" "Mozilla/5.0 (Windows NT 10.0; Win64; x64; rv:126.0) Gecko/20100101 Firefox/126.0"
172.18.0.1 - - [19/Jun/2024:15:50:51 +0000] "GET /debug-kit/toolbar/da76ec63-85e3-4005-a516-6f60e30080c8 HTTP/1.1" 200 1694 "http://localhost:8090/chats/" "Mozilla/5.0 (Windows NT 10.0; Win64; x64; rv:126.0) Gecko/20100101 Firefox/126.0"
127.0.0.1 - - [19/Jun/2024:15:50:51 +0000] "POST /chats/uiregister HTTP/1.1" 201 442 "-" "CakePHP"
172.18.0.1 - - [19/Jun/2024:16:47:07 +0000] "POST /chats/uiunregister HTTP/1.1" 403 844950 "-" "PostmanRuntime/7.39.0"
172.18.0.1 - - [19/Jun/2024:16:49:34 +0000] "POST /chats/uiunregister HTTP/1.1" 302 446 "-" "PostmanRuntime/7.39.0"
172.18.0.1 - - [19/Jun/2024:16:49:38 +0000] "GET /login?redirect=%2Fchats%2Fuiunregister HTTP/1.1" 200 1896 "http://localhost:8090/chats/uiunregister" "PostmanRuntime/7.39.0"
172.18.0.1 - - [19/Jun/2024:16:51:59 +0000] "POST /chats/uiunregister HTTP/1.1" 200 67393 "-" "PostmanRuntime/7.39.0"
172.18.0.1 - - [19/Jun/2024:17:00:55 +0000] "POST /chats/uiunregister HTTP/1.1" 200 4785 "-" "PostmanRuntime/7.39.0"
172.18.0.1 - - [19/Jun/2024:17:01:03 +0000] "POST /chats/uiunregister HTTP/1.1" 200 4786 "-" "PostmanRuntime/7.39.0"
172.18.0.1 - - [19/Jun/2024:17:08:43 +0000] "POST /chats/uiunregister HTTP/1.1" 200 4695 "-" "PostmanRuntime/7.39.0"
172.18.0.1 - - [19/Jun/2024:17:10:58 +0000] "POST /chats/uiunregister HTTP/1.1" 200 580 "-" "PostmanRuntime/7.39.0"
172.18.0.1 - - [19/Jun/2024:17:11:38 +0000] "GET /chats/ HTTP/1.1" 200 5464 "-" "Mozilla/5.0 (Windows NT 10.0; Win64; x64; rv:126.0) Gecko/20100101 Firefox/126.0"
172.18.0.1 - - [19/Jun/2024:17:11:42 +0000] "GET /debug-kit/toolbar/5a9d39d9-20b6-4698-a42d-9c6f6a414e88 HTTP/1.1" 200 1693 "http://localhost:8090/chats/" "Mozilla/5.0 (Windows NT 10.0; Win64; x64; rv:126.0) Gecko/20100101 Firefox/126.0"
127.0.0.1 - - [19/Jun/2024:17:11:42 +0000] "POST /chats/uiregister HTTP/1.1" 201 443 "-" "CakePHP"
172.18.0.1 - - [19/Jun/2024:17:14:31 +0000] "GET /chats/ HTTP/1.1" 200 5466 "-" "Mozilla/5.0 (Windows NT 10.0; Win64; x64; rv:126.0) Gecko/20100101 Firefox/126.0"
172.18.0.1 - - [19/Jun/2024:17:14:35 +0000] "GET /debug-kit/toolbar/5958db37-6c55-414c-8a01-565bcdf631ef HTTP/1.1" 200 1697 "http://localhost:8090/chats/" "Mozilla/5.0 (Windows NT 10.0; Win64; x64; rv:126.0) Gecko/20100101 Firefox/126.0"
127.0.0.1 - - [19/Jun/2024:17:14:36 +0000] "POST /chats/uiregister HTTP/1.1" 201 443 "-" "CakePHP"
172.18.0.1 - - [19/Jun/2024:17:14:41 +0000] "GET /chats/ HTTP/1.1" 200 5460 "-" "Mozilla/5.0 (Windows NT 10.0; Win64; x64; rv:126.0) Gecko/20100101 Firefox/126.0"
127.0.0.1 - - [19/Jun/2024:17:14:41 +0000] "POST /chats/uiunregister HTTP/1.1" 200 430 "-" "CakePHP"
172.18.0.1 - - [19/Jun/2024:17:14:44 +0000] "GET /debug-kit/toolbar/428ee195-5b18-4cd6-8da9-4fb3a8c46ad5 HTTP/1.1" 200 1694 "http://localhost:8090/chats/" "Mozilla/5.0 (Windows NT 10.0; Win64; x64; rv:126.0) Gecko/20100101 Firefox/126.0"
127.0.0.1 - - [19/Jun/2024:17:14:46 +0000] "POST /chats/uiregister HTTP/1.1" 201 443 "-" "CakePHP"
172.18.0.1 - - [19/Jun/2024:17:15:34 +0000] "GET /chats/ HTTP/1.1" 200 5464 "-" "Mozilla/5.0 (Windows NT 10.0; Win64; x64; rv:126.0) Gecko/20100101 Firefox/126.0"
172.18.0.1 - - [19/Jun/2024:17:15:38 +0000] "GET /debug-kit/toolbar/d5b7e891-4197-400a-91ae-c9f9503d8c83 HTTP/1.1" 200 1694 "http://localhost:8090/chats/" "Mozilla/5.0 (Windows NT 10.0; Win64; x64; rv:126.0) Gecko/20100101 Firefox/126.0"
127.0.0.1 - - [19/Jun/2024:17:15:39 +0000] "POST /chats/uiregister HTTP/1.1" 201 443 "-" "CakePHP"
127.0.0.1 - - [19/Jun/2024:17:15:51 +0000] "POST /chats/uiunregister HTTP/1.1" 200 434 "-" "CakePHP"
172.18.0.1 - - [19/Jun/2024:17:15:51 +0000] "GET /chats/ HTTP/1.1" 200 5466 "-" "Mozilla/5.0 (Windows NT 10.0; Win64; x64; rv:126.0) Gecko/20100101 Firefox/126.0"
127.0.0.1 - - [19/Jun/2024:17:15:54 +0000] "POST /chats/uiregister HTTP/1.1" 201 443 "-" "CakePHP"
172.18.0.1 - - [19/Jun/2024:17:15:54 +0000] "GET /debug-kit/toolbar/36c6a45d-3209-4673-b464-665dca76dd26 HTTP/1.1" 200 1693 "http://localhost:8090/chats/" "Mozilla/5.0 (Windows NT 10.0; Win64; x64; rv:126.0) Gecko/20100101 Firefox/126.0"
172.18.0.1 - - [19/Jun/2024:18:39:15 +0000] "GET /chats/ HTTP/1.1" 200 5466 "-" "Mozilla/5.0 (Windows NT 10.0; Win64; x64; rv:126.0) Gecko/20100101 Firefox/126.0"
172.18.0.1 - - [19/Jun/2024:18:39:19 +0000] "GET /debug-kit/toolbar/561b5ada-223d-48bc-a441-d602ec127f33 HTTP/1.1" 200 1693 "http://localhost:8090/chats/" "Mozilla/5.0 (Windows NT 10.0; Win64; x64; rv:126.0) Gecko/20100101 Firefox/126.0"
127.0.0.1 - - [19/Jun/2024:18:39:20 +0000] "POST /chats/uiregister HTTP/1.1" 201 443 "-" "CakePHP"
127.0.0.1 - - [19/Jun/2024:18:42:25 +0000] "POST /chats/uiunregister HTTP/1.1" 200 435 "-" "CakePHP"
172.18.0.1 - - [19/Jun/2024:18:42:25 +0000] "GET /chats/ HTTP/1.1" 200 5465 "-" "Mozilla/5.0 (Windows NT 10.0; Win64; x64; rv:126.0) Gecko/20100101 Firefox/126.0"
172.18.0.1 - - [19/Jun/2024:18:42:28 +0000] "GET /debug-kit/toolbar/922fed9a-604f-4f76-8341-77614e5dee9a HTTP/1.1" 200 1691 "http://localhost:8090/chats/" "Mozilla/5.0 (Windows NT 10.0; Win64; x64; rv:126.0) Gecko/20100101 Firefox/126.0"
127.0.0.1 - - [19/Jun/2024:18:42:28 +0000] "POST /chats/uiregister HTTP/1.1" 201 443 "-" "CakePHP"
172.18.0.1 - - [19/Jun/2024:18:44:39 +0000] "GET /chats/ HTTP/1.1" 200 5466 "-" "Mozilla/5.0 (Windows NT 10.0; Win64; x64; rv:126.0) Gecko/20100101 Firefox/126.0"
172.18.0.1 - - [19/Jun/2024:18:44:47 +0000] "GET /debug-kit/toolbar/0fc3b072-6742-4cf2-ae2a-8d62cd0cfbb8 HTTP/1.1" 200 1695 "http://localhost:8090/chats/" "Mozilla/5.0 (Windows NT 10.0; Win64; x64; rv:126.0) Gecko/20100101 Firefox/126.0"
127.0.0.1 - - [19/Jun/2024:18:44:47 +0000] "POST /chats/uiregister HTTP/1.1" 201 443 "-" "CakePHP"
172.18.0.1 - - [19/Jun/2024:18:55:22 +0000] "GET /chats/ HTTP/1.1" 200 5467 "-" "Mozilla/5.0 (Windows NT 10.0; Win64; x64; rv:126.0) Gecko/20100101 Firefox/126.0"
172.18.0.1 - - [19/Jun/2024:18:55:26 +0000] "GET /debug-kit/toolbar/da41550a-0a88-498c-8020-25db2fdd761e HTTP/1.1" 200 1692 "http://localhost:8090/chats/" "Mozilla/5.0 (Windows NT 10.0; Win64; x64; rv:126.0) Gecko/20100101 Firefox/126.0"
172.18.0.1 - - [19/Jun/2024:18:55:25 +0000] "GET /chats/ HTTP/1.1" 200 5470 "-" "Mozilla/5.0 (Windows NT 10.0; Win64; x64; rv:126.0) Gecko/20100101 Firefox/126.0"
127.0.0.1 - - [19/Jun/2024:18:55:26 +0000] "POST /chats/uiregister HTTP/1.1" 201 443 "-" "CakePHP"
172.18.0.1 - - [19/Jun/2024:18:55:28 +0000] "GET /debug-kit/toolbar/b37925f0-39fd-4fc6-9270-aecf0147a1e7 HTTP/1.1" 200 1699 "http://localhost:8090/chats/" "Mozilla/5.0 (Windows NT 10.0; Win64; x64; rv:126.0) Gecko/20100101 Firefox/126.0"
127.0.0.1 - - [19/Jun/2024:18:55:30 +0000] "POST /chats/uiregister HTTP/1.1" 201 443 "-" "CakePHP"
172.18.0.1 - - [19/Jun/2024:20:12:04 +0000] "GET /chats/ HTTP/1.1" 200 5472 "-" "Mozilla/5.0 (Windows NT 10.0; Win64; x64; rv:126.0) Gecko/20100101 Firefox/126.0"
172.18.0.1 - - [19/Jun/2024:20:12:08 +0000] "GET /debug-kit/toolbar/d1dedb7b-2db8-4023-b03c-53ecf596576a HTTP/1.1" 200 1696 "http://localhost:8090/chats/" "Mozilla/5.0 (Windows NT 10.0; Win64; x64; rv:126.0) Gecko/20100101 Firefox/126.0"
127.0.0.1 - - [19/Jun/2024:20:12:08 +0000] "POST /chats/uiregister HTTP/1.1" 201 443 "-" "CakePHP"
172.18.0.1 - - [19/Jun/2024:20:30:02 +0000] "GET /chats/ HTTP/1.1" 200 5472 "-" "Mozilla/5.0 (Windows NT 10.0; Win64; x64; rv:126.0) Gecko/20100101 Firefox/126.0"
172.18.0.1 - - [19/Jun/2024:20:30:06 +0000] "GET /debug-kit/toolbar/e82bee55-7d1e-49e0-b2f6-6f7a5ce0c2a0 HTTP/1.1" 200 1695 "http://localhost:8090/chats/" "Mozilla/5.0 (Windows NT 10.0; Win64; x64; rv:126.0) Gecko/20100101 Firefox/126.0"
127.0.0.1 - - [19/Jun/2024:20:30:06 +0000] "POST /chats/uiregister HTTP/1.1" 201 443 "-" "CakePHP"
172.18.0.1 - - [19/Jun/2024:20:51:09 +0000] "GET /chats/ HTTP/1.1" 200 5464 "-" "Mozilla/5.0 (Windows NT 10.0; Win64; x64; rv:126.0) Gecko/20100101 Firefox/126.0"
172.18.0.1 - - [19/Jun/2024:20:51:23 +0000] "GET /plugins/DataTables/Select-1.3.3/js/select.bootstrap4.min.js HTTP/1.1" 200 664 "http://localhost:8090/chats/" "Mozilla/5.0 (Windows NT 10.0; Win64; x64; rv:126.0) Gecko/20100101 Firefox/126.0"
172.18.0.1 - - [19/Jun/2024:20:51:23 +0000] "GET /favicon.ico HTTP/1.1" 200 15709 "http://localhost:8090/chats/" "Mozilla/5.0 (Windows NT 10.0; Win64; x64; rv:126.0) Gecko/20100101 Firefox/126.0"
172.18.0.1 - - [19/Jun/2024:20:51:23 +0000] "GET /debug-kit/toolbar/f322048e-e732-4145-b2ea-d4da7da58ae8 HTTP/1.1" 200 1696 "http://localhost:8090/chats/" "Mozilla/5.0 (Windows NT 10.0; Win64; x64; rv:126.0) Gecko/20100101 Firefox/126.0"
127.0.0.1 - - [19/Jun/2024:20:51:23 +0000] "POST /chats/uiregister HTTP/1.1" 201 443 "-" "CakePHP"
172.18.0.1 - - [19/Jun/2024:20:51:26 +0000] "GET /debug_kit/js/main.js HTTP/1.1" 200 701 "http://localhost:8090/debug-kit/toolbar/f322048e-e732-4145-b2ea-d4da7da58ae8" "Mozilla/5.0 (Windows NT 10.0; Win64; x64; rv:126.0) Gecko/20100101 Firefox/126.0"
172.18.0.1 - - [19/Jun/2024:20:51:26 +0000] "GET /debug_kit/js/modules/Start.js HTTP/1.1" 200 777 "http://localhost:8090/debug_kit/js/main.js" "Mozilla/5.0 (Windows NT 10.0; Win64; x64; rv:126.0) Gecko/20100101 Firefox/126.0"
172.18.0.1 - - [19/Jun/2024:21:02:46 +0000] "POST /chats/sendMessage HTTP/1.1" 403 828608 "-" "PostmanRuntime/7.39.0"
127.0.0.1 - - [19/Jun/2024:21:03:30 +0000] "POST /chats/uiunregister HTTP/1.1" 200 435 "-" "CakePHP"
172.18.0.1 - - [19/Jun/2024:21:03:29 +0000] "GET /chats/ HTTP/1.1" 200 5462 "-" "Mozilla/5.0 (Windows NT 10.0; Win64; x64; rv:126.0) Gecko/20100101 Firefox/126.0"
172.18.0.1 - - [19/Jun/2024:21:03:41 +0000] "GET /chats/ HTTP/1.1" 200 5468 "-" "Mozilla/5.0 (Windows NT 10.0; Win64; x64; rv:126.0) Gecko/20100101 Firefox/126.0"
127.0.0.1 - - [19/Jun/2024:21:04:01 +0000] "POST /chats/uiunregister HTTP/1.1" 200 435 "-" "CakePHP"
172.18.0.1 - - [19/Jun/2024:21:04:13 +0000] "GET /debug-kit/toolbar/626dead7-efe1-4c94-846d-a3f9b6344982 HTTP/1.1" 200 1697 "http://localhost:8090/chats/" "Mozilla/5.0 (Windows NT 10.0; Win64; x64; rv:126.0) Gecko/20100101 Firefox/126.0"
127.0.0.1 - - [19/Jun/2024:21:04:15 +0000] "POST /chats/uiregister HTTP/1.1" 201 443 "-" "CakePHP"
172.18.0.1 - - [19/Jun/2024:21:04:41 +0000] "GET /chats/ HTTP/1.1" 200 5463 "-" "Mozilla/5.0 (Windows NT 10.0; Win64; x64; rv:126.0) Gecko/20100101 Firefox/126.0"
172.18.0.1 - - [19/Jun/2024:21:05:06 +0000] "GET /debug-kit/toolbar/532a078e-3a4a-423a-af0c-5bca7c2fa4c3 HTTP/1.1" 200 1701 "http://localhost:8090/chats/" "Mozilla/5.0 (Windows NT 10.0; Win64; x64; rv:126.0) Gecko/20100101 Firefox/126.0"
172.18.0.1 - - [19/Jun/2024:21:05:24 +0000] "GET /chats/ HTTP/1.1" 200 5461 "-" "Mozilla/5.0 (Windows NT 10.0; Win64; x64; rv:126.0) Gecko/20100101 Firefox/126.0"
172.18.0.1 - - [19/Jun/2024:21:05:36 +0000] "GET /debug-kit/toolbar/693cca36-188d-4431-bf8e-2c3f1bd503d6 HTTP/1.1" 200 1693 "http://localhost:8090/chats/" "Mozilla/5.0 (Windows NT 10.0; Win64; x64; rv:126.0) Gecko/20100101 Firefox/126.0"
127.0.0.1 - - [19/Jun/2024:21:05:36 +0000] "POST /chats/uiregister HTTP/1.1" 201 443 "-" "CakePHP"
172.18.0.1 - - [19/Jun/2024:21:05:52 +0000] "POST /chats/sendMessage HTTP/1.1" 403 835590 "-" "PostmanRuntime/7.39.0"
172.18.0.1 - - [19/Jun/2024:21:07:35 +0000] "POST /chats/sendMessage HTTP/1.1" 200 66492 "-" "PostmanRuntime/7.39.0"
172.18.0.1 - - [19/Jun/2024:21:08:29 +0000] "POST /chats/sendMessage HTTP/1.1" 500 1008995 "-" "PostmanRuntime/7.39.0"
172.18.0.1 - - [20/Jun/2024:02:30:03 +0000] "GET /chats/ HTTP/1.1" 200 5464 "-" "Mozilla/5.0 (Windows NT 10.0; Win64; x64; rv:126.0) Gecko/20100101 Firefox/126.0"
172.18.0.1 - - [20/Jun/2024:02:30:15 +0000] "GET /js/select2-tab-fix.min.js HTTP/1.1" 200 1994 "http://localhost:8090/chats/" "Mozilla/5.0 (Windows NT 10.0; Win64; x64; rv:126.0) Gecko/20100101 Firefox/126.0"
172.18.0.1 - - [20/Jun/2024:02:30:15 +0000] "GET /plugins/ekko-lightbox/ekko-lightbox.min.js HTTP/1.1" 200 4677 "http://localhost:8090/chats/" "Mozilla/5.0 (Windows NT 10.0; Win64; x64; rv:126.0) Gecko/20100101 Firefox/126.0"
172.18.0.1 - - [20/Jun/2024:02:30:15 +0000] "GET /js/application.js HTTP/1.1" 200 1127 "http://localhost:8090/chats/" "Mozilla/5.0 (Windows NT 10.0; Win64; x64; rv:126.0) Gecko/20100101 Firefox/126.0"
172.18.0.1 - - [20/Jun/2024:02:30:15 +0000] "GET /plugins/daterangepicker/daterangepicker.js HTTP/1.1" 200 12006 "http://localhost:8090/chats/" "Mozilla/5.0 (Windows NT 10.0; Win64; x64; rv:126.0) Gecko/20100101 Firefox/126.0"
172.18.0.1 - - [20/Jun/2024:02:30:15 +0000] "GET /js/adminlte.js HTTP/1.1" 200 16524 "http://localhost:8090/chats/" "Mozilla/5.0 (Windows NT 10.0; Win64; x64; rv:126.0) Gecko/20100101 Firefox/126.0"
172.18.0.1 - - [20/Jun/2024:02:30:15 +0000] "GET /plugins/tempusdominus-bootstrap-4/js/tempusdominus-bootstrap-4.min.js HTTP/1.1" 200 13748 "http://localhost:8090/chats/" "Mozilla/5.0 (Windows NT 10.0; Win64; x64; rv:126.0) Gecko/20100101 Firefox/126.0"
172.18.0.1 - - [20/Jun/2024:02:30:15 +0000] "GET /plugins/bootstrap-datepicker/js/bootstrap-datepicker.min.js HTTP/1.1" 200 10429 "http://localhost:8090/chats/" "Mozilla/5.0 (Windows NT 10.0; Win64; x64; rv:126.0) Gecko/20100101 Firefox/126.0"
172.18.0.1 - - [20/Jun/2024:02:30:15 +0000] "GET /plugins/overlayScrollbars/js/jquery.overlayScrollbars.min.js HTTP/1.1" 200 19664 "http://localhost:8090/chats/" "Mozilla/5.0 (Windows NT 10.0; Win64; x64; rv:126.0) Gecko/20100101 Firefox/126.0"
172.18.0.1 - - [20/Jun/2024:02:30:15 +0000] "GET /debug_kit/js/inject-iframe.js?1688573044 HTTP/1.1" 200 1742 "http://localhost:8090/chats/" "Mozilla/5.0 (Windows NT 10.0; Win64; x64; rv:126.0) Gecko/20100101 Firefox/126.0"
172.18.0.1 - - [20/Jun/2024:02:30:15 +0000] "GET /debug-kit/toolbar/9e85241e-68ae-41c4-97a9-d5a47c54d4f9 HTTP/1.1" 200 1700 "http://localhost:8090/chats/" "Mozilla/5.0 (Windows NT 10.0; Win64; x64; rv:126.0) Gecko/20100101 Firefox/126.0"
127.0.0.1 - - [20/Jun/2024:02:30:16 +0000] "POST /chats/uiregister HTTP/1.1" 201 443 "-" "CakePHP"
172.18.0.1 - - [20/Jun/2024:02:30:24 +0000] "POST /chats/sendMessage HTTP/1.1" 500 1013344 "-" "PostmanRuntime/7.39.0"
172.18.0.1 - - [20/Jun/2024:02:45:35 +0000] "GET /chats/ HTTP/1.1" 200 5465 "-" "Mozilla/5.0 (Windows NT 10.0; Win64; x64; rv:126.0) Gecko/20100101 Firefox/126.0"
172.18.0.1 - - [20/Jun/2024:02:45:39 +0000] "GET /debug-kit/toolbar/e08034f4-0a00-4324-8a5f-071130970ad3 HTTP/1.1" 200 1696 "http://localhost:8090/chats/" "Mozilla/5.0 (Windows NT 10.0; Win64; x64; rv:126.0) Gecko/20100101 Firefox/126.0"
127.0.0.1 - - [20/Jun/2024:02:45:39 +0000] "POST /chats/uiregister HTTP/1.1" 201 443 "-" "CakePHP"
172.18.0.1 - - [20/Jun/2024:02:45:58 +0000] "POST /chats/sendMessage HTTP/1.1" 500 1008557 "-" "PostmanRuntime/7.39.0"
172.18.0.1 - - [20/Jun/2024:03:13:08 +0000] "POST /chats/sendMessage HTTP/1.1" 500 1008557 "-" "PostmanRuntime/7.39.0"
172.18.0.1 - - [20/Jun/2024:03:25:23 +0000] "POST /chats/sendMessage HTTP/1.1" 500 1008557 "-" "PostmanRuntime/7.39.0"
172.18.0.1 - - [20/Jun/2024:03:29:52 +0000] "POST /chats/sendMessage HTTP/1.1" 500 1008557 "-" "PostmanRuntime/7.39.0"
172.18.0.1 - - [20/Jun/2024:03:49:37 +0000] "POST /chats/sendMessage HTTP/1.1" 500 1007873 "-" "PostmanRuntime/7.39.0"
172.18.0.1 - - [20/Jun/2024:08:31:43 +0000] "POST /chats/sendMessage HTTP/1.1" 200 66343 "-" "PostmanRuntime/7.39.0"
172.18.0.1 - - [20/Jun/2024:08:32:51 +0000] "GET /chats/ HTTP/1.1" 200 5468 "-" "Mozilla/5.0 (Windows NT 10.0; Win64; x64; rv:126.0) Gecko/20100101 Firefox/126.0"
172.18.0.1 - - [20/Jun/2024:08:32:55 +0000] "GET /debug-kit/toolbar/1db1d1e4-8483-48fd-bda2-71744cde1b93 HTTP/1.1" 200 1695 "http://localhost:8090/chats/" "Mozilla/5.0 (Windows NT 10.0; Win64; x64; rv:126.0) Gecko/20100101 Firefox/126.0"
127.0.0.1 - - [20/Jun/2024:08:32:55 +0000] "POST /chats/uiregister HTTP/1.1" 201 443 "-" "CakePHP"
172.18.0.1 - - [20/Jun/2024:08:51:25 +0000] "POST /chats/sendMessage HTTP/1.1" 200 66309 "-" "PostmanRuntime/7.39.0"
172.18.0.1 - - [20/Jun/2024:08:52:15 +0000] "POST /chats/sendMessage HTTP/1.1" 200 66280 "-" "PostmanRuntime/7.39.0"
172.18.0.1 - - [20/Jun/2024:08:52:21 +0000] "POST /chats/sendMessage HTTP/1.1" 200 66258 "-" "PostmanRuntime/7.39.0"
172.18.0.1 - - [20/Jun/2024:09:03:30 +0000] "POST /chats/sendMessage HTTP/1.1" 200 66341 "-" "PostmanRuntime/7.39.0"
172.18.0.1 - - [20/Jun/2024:09:04:24 +0000] "POST /chats/sendMessage HTTP/1.1" 200 1519 "-" "PostmanRuntime/7.39.0"
172.18.0.1 - - [20/Jun/2024:09:07:45 +0000] "POST /chats/sendMessage HTTP/1.1" 500 489 "-" "PostmanRuntime/7.39.0"
172.18.0.1 - - [20/Jun/2024:09:36:37 +0000] "POST /chats/sendMessage HTTP/1.1" 500 489 "-" "PostmanRuntime/7.39.0"
172.18.0.1 - - [20/Jun/2024:10:49:27 +0000] "GET /ui/ HTTP/1.1" 404 1045275 "-" "Mozilla/5.0 (Windows NT 10.0; Win64; x64; rv:126.0) Gecko/20100101 Firefox/126.0"
172.18.0.1 - - [20/Jun/2024:10:49:32 +0000] "GET /debug-kit/toolbar/da544480-871b-4277-afc1-ce04cce981d0 HTTP/1.1" 200 1699 "http://localhost:8090/ui/" "Mozilla/5.0 (Windows NT 10.0; Win64; x64; rv:126.0) Gecko/20100101 Firefox/126.0"
172.18.0.1 - - [20/Jun/2024:10:49:33 +0000] "GET /chats/ HTTP/1.1" 200 5465 "-" "Mozilla/5.0 (Windows NT 10.0; Win64; x64; rv:126.0) Gecko/20100101 Firefox/126.0"
172.18.0.1 - - [20/Jun/2024:10:49:44 +0000] "GET /plugins/DataTables/Select-1.3.3/js/select.bootstrap4.min.js HTTP/1.1" 200 664 "http://localhost:8090/chats/" "Mozilla/5.0 (Windows NT 10.0; Win64; x64; rv:126.0) Gecko/20100101 Firefox/126.0"
172.18.0.1 - - [20/Jun/2024:10:49:44 +0000] "GET /debug-kit/toolbar/81881809-7b30-4bd4-80e0-4ad3f8b66cd9 HTTP/1.1" 200 1696 "http://localhost:8090/chats/" "Mozilla/5.0 (Windows NT 10.0; Win64; x64; rv:126.0) Gecko/20100101 Firefox/126.0"
127.0.0.1 - - [20/Jun/2024:10:49:46 +0000] "POST /chats/uiregister HTTP/1.1" 201 443 "-" "CakePHP"
172.18.0.1 - - [20/Jun/2024:10:49:52 +0000] "GET /uis/index HTTP/1.1" 200 6437 "http://localhost:8090/chats/" "Mozilla/5.0 (Windows NT 10.0; Win64; x64; rv:126.0) Gecko/20100101 Firefox/126.0"
127.0.0.1 - - [20/Jun/2024:10:49:52 +0000] "POST /chats/uiunregister HTTP/1.1" 200 435 "-" "CakePHP"
172.18.0.1 - - [20/Jun/2024:10:49:57 +0000] "GET /debug-kit/toolbar/0e306c92-46e6-4b58-83db-d9e99f4e6c79 HTTP/1.1" 200 1695 "http://localhost:8090/uis/index" "Mozilla/5.0 (Windows NT 10.0; Win64; x64; rv:126.0) Gecko/20100101 Firefox/126.0"
172.18.0.1 - - [20/Jun/2024:10:49:57 +0000] "GET /uis/w.jpg HTTP/1.1" 404 1036690 "http://localhost:8090/uis/index" "Mozilla/5.0 (Windows NT 10.0; Win64; x64; rv:126.0) Gecko/20100101 Firefox/126.0"
172.18.0.1 - - [20/Jun/2024:10:49:57 +0000] "GET /uis/getcontact?query=&page=1&limit=25 HTTP/1.1" 200 1700 "http://localhost:8090/uis/index" "Mozilla/5.0 (Windows NT 10.0; Win64; x64; rv:126.0) Gecko/20100101 Firefox/126.0"
172.18.0.1 - - [20/Jun/2024:10:50:17 +0000] "GET /uis/index HTTP/1.1" 200 6433 "http://localhost:8090/chats/" "Mozilla/5.0 (Windows NT 10.0; Win64; x64; rv:126.0) Gecko/20100101 Firefox/126.0"
172.18.0.1 - - [20/Jun/2024:10:50:26 +0000] "GET /debug_kit/js/inject-iframe.js?1688573044 HTTP/1.1" 200 1741 "http://localhost:8090/uis/index" "Mozilla/5.0 (Windows NT 10.0; Win64; x64; rv:126.0) Gecko/20100101 Firefox/126.0"
172.18.0.1 - - [20/Jun/2024:10:50:28 +0000] "GET /favicon.ico HTTP/1.1" 200 15709 "http://localhost:8090/uis/index" "Mozilla/5.0 (Windows NT 10.0; Win64; x64; rv:126.0) Gecko/20100101 Firefox/126.0"
172.18.0.1 - - [20/Jun/2024:10:50:28 +0000] "GET /debug-kit/toolbar/ec7b65c2-6eb9-49ff-92a9-e05249a746dc HTTP/1.1" 200 1691 "http://localhost:8090/uis/index" "Mozilla/5.0 (Windows NT 10.0; Win64; x64; rv:126.0) Gecko/20100101 Firefox/126.0"
172.18.0.1 - - [20/Jun/2024:10:50:31 +0000] "GET /debug_kit/css/reset.css HTTP/1.1" 200 1016 "http://localhost:8090/debug-kit/toolbar/ec7b65c2-6eb9-49ff-92a9-e05249a746dc" "Mozilla/5.0 (Windows NT 10.0; Win64; x64; rv:126.0) Gecko/20100101 Firefox/126.0"
172.18.0.1 - - [20/Jun/2024:10:50:31 +0000] "GET /debug_kit/css/style.css HTTP/1.1" 200 3421 "http://localhost:8090/debug-kit/toolbar/ec7b65c2-6eb9-49ff-92a9-e05249a746dc" "Mozilla/5.0 (Windows NT 10.0; Win64; x64; rv:126.0) Gecko/20100101 Firefox/126.0"
172.18.0.1 - - [20/Jun/2024:10:50:31 +0000] "GET /debug_kit/js/jquery.js HTTP/1.1" 200 31303 "http://localhost:8090/debug-kit/toolbar/ec7b65c2-6eb9-49ff-92a9-e05249a746dc" "Mozilla/5.0 (Windows NT 10.0; Win64; x64; rv:126.0) Gecko/20100101 Firefox/126.0"
172.18.0.1 - - [20/Jun/2024:10:50:31 +0000] "GET /debug_kit/js/main.js HTTP/1.1" 200 702 "http://localhost:8090/debug-kit/toolbar/ec7b65c2-6eb9-49ff-92a9-e05249a746dc" "Mozilla/5.0 (Windows NT 10.0; Win64; x64; rv:126.0) Gecko/20100101 Firefox/126.0"
172.18.0.1 - - [20/Jun/2024:10:50:27 +0000] "GET /uis/w.jpg HTTP/1.1" 404 1045573 "http://localhost:8090/uis/index" "Mozilla/5.0 (Windows NT 10.0; Win64; x64; rv:126.0) Gecko/20100101 Firefox/126.0"
172.18.0.1 - - [20/Jun/2024:10:50:33 +0000] "GET /debug_kit/js/modules/Start.js HTTP/1.1" 200 776 "http://localhost:8090/debug_kit/js/main.js" "Mozilla/5.0 (Windows NT 10.0; Win64; x64; rv:126.0) Gecko/20100101 Firefox/126.0"
172.18.0.1 - - [20/Jun/2024:10:50:33 +0000] "GET /debug_kit/js/modules/Keyboard.js HTTP/1.1" 200 804 "http://localhost:8090/debug_kit/js/main.js" "Mozilla/5.0 (Windows NT 10.0; Win64; x64; rv:126.0) Gecko/20100101 Firefox/126.0"
172.18.0.1 - - [20/Jun/2024:10:50:32 +0000] "GET /debug_kit/img/cake.icon.png HTTP/1.1" 200 1788 "http://localhost:8090/debug-kit/toolbar/ec7b65c2-6eb9-49ff-92a9-e05249a746dc" "Mozilla/5.0 (Windows NT 10.0; Win64; x64; rv:126.0) Gecko/20100101 Firefox/126.0"
172.18.0.1 - - [20/Jun/2024:10:50:33 +0000] "GET /debug_kit/js/modules/Panels/CachePanel.js HTTP/1.1" 200 869 "http://localhost:8090/debug_kit/js/main.js" "Mozilla/5.0 (Windows NT 10.0; Win64; x64; rv:126.0) Gecko/20100101 Firefox/126.0"
172.18.0.1 - - [20/Jun/2024:10:50:33 +0000] "GET /debug_kit/js/modules/Panels/HistoryPanel.js HTTP/1.1" 200 1284 "http://localhost:8090/debug_kit/js/main.js" "Mozilla/5.0 (Windows NT 10.0; Win64; x64; rv:126.0) Gecko/20100101 Firefox/126.0"
172.18.0.1 - - [20/Jun/2024:10:50:28 +0000] "GET /uis/getcontact?query=&page=1&limit=25 HTTP/1.1" 200 1700 "http://localhost:8090/uis/index" "Mozilla/5.0 (Windows NT 10.0; Win64; x64; rv:126.0) Gecko/20100101 Firefox/126.0"
172.18.0.1 - - [20/Jun/2024:10:50:34 +0000] "GET /debug_kit/js/modules/Panels/VariablesPanel.js HTTP/1.1" 200 756 "http://localhost:8090/debug_kit/js/main.js" "Mozilla/5.0 (Windows NT 10.0; Win64; x64; rv:126.0) Gecko/20100101 Firefox/126.0"
172.18.0.1 - - [20/Jun/2024:10:50:34 +0000] "GET /debug_kit/js/modules/Panels/PackagesPanel.js HTTP/1.1" 200 1171 "http://localhost:8090/debug_kit/js/main.js" "Mozilla/5.0 (Windows NT 10.0; Win64; x64; rv:126.0) Gecko/20100101 Firefox/126.0"
172.18.0.1 - - [20/Jun/2024:10:50:34 +0000] "GET /debug_kit/js/modules/Panels/RoutesPanel.js HTTP/1.1" 200 724 "http://localhost:8090/debug_kit/js/main.js" "Mozilla/5.0 (Windows NT 10.0; Win64; x64; rv:126.0) Gecko/20100101 Firefox/126.0"
172.18.0.1 - - [20/Jun/2024:10:50:35 +0000] "GET /debug_kit/js/modules/Panels/MailPanel.js HTTP/1.1" 200 781 "http://localhost:8090/debug_kit/js/main.js" "Mozilla/5.0 (Windows NT 10.0; Win64; x64; rv:126.0) Gecko/20100101 Firefox/126.0"
172.18.0.1 - - [20/Jun/2024:10:50:35 +0000] "GET /debug_kit/js/modules/Toolbar.js HTTP/1.1" 200 2435 "http://localhost:8090/debug_kit/js/modules/Start.js" "Mozilla/5.0 (Windows NT 10.0; Win64; x64; rv:126.0) Gecko/20100101 Firefox/126.0"
172.18.0.1 - - [20/Jun/2024:10:50:35 +0000] "GET /debug_kit/js/modules/Helper.js HTTP/1.1" 200 588 "http://localhost:8090/debug_kit/js/modules/Start.js" "Mozilla/5.0 (Windows NT 10.0; Win64; x64; rv:126.0) Gecko/20100101 Firefox/126.0"
127.0.0.1 - - [20/Jun/2024:10:50:43 +0000] "OPTIONS * HTTP/1.0" 200 126 "-" "Apache/2.4.56 (Debian) PHP/8.1.18 (internal dummy connection)"
172.18.0.1 - - [20/Jun/2024:10:53:51 +0000] "GET /uis/getrowhead/latheef2 HTTP/1.1" 200 686 "http://localhost:8090/uis/index" "Mozilla/5.0 (Windows NT 10.0; Win64; x64; rv:126.0) Gecko/20100101 Firefox/126.0"
172.18.0.1 - - [20/Jun/2024:10:53:51 +0000] "GET /uis/getmsg/1 HTTP/1.1" 200 5429 "http://localhost:8090/uis/index" "Mozilla/5.0 (Windows NT 10.0; Win64; x64; rv:126.0) Gecko/20100101 Firefox/126.0"
172.18.0.1 - - [20/Jun/2024:10:54:01 +0000] "GET /uis/getrowhead/Latheef HTTP/1.1" 200 686 "http://localhost:8090/uis/index" "Mozilla/5.0 (Windows NT 10.0; Win64; x64; rv:126.0) Gecko/20100101 Firefox/126.0"
172.18.0.1 - - [20/Jun/2024:10:54:01 +0000] "GET /uis/getmsg/11 HTTP/1.1" 200 5378 "http://localhost:8090/uis/index" "Mozilla/5.0 (Windows NT 10.0; Win64; x64; rv:126.0) Gecko/20100101 Firefox/126.0"
172.18.0.1 - - [20/Jun/2024:11:42:15 +0000] "GET /uis/index HTTP/1.1" 200 6434 "http://localhost:8090/chats/" "Mozilla/5.0 (Windows NT 10.0; Win64; x64; rv:126.0) Gecko/20100101 Firefox/126.0"
172.18.0.1 - - [20/Jun/2024:11:42:19 +0000] "GET /debug_kit/js/inject-iframe.js?1688573044 HTTP/1.1" 200 1741 "http://localhost:8090/uis/index" "Mozilla/5.0 (Windows NT 10.0; Win64; x64; rv:126.0) Gecko/20100101 Firefox/126.0"
172.18.0.1 - - [20/Jun/2024:11:42:21 +0000] "GET /favicon.ico HTTP/1.1" 200 15709 "http://localhost:8090/uis/index" "Mozilla/5.0 (Windows NT 10.0; Win64; x64; rv:126.0) Gecko/20100101 Firefox/126.0"
172.18.0.1 - - [20/Jun/2024:11:42:20 +0000] "GET /debug-kit/toolbar/83790375-9cc0-42de-b85f-da8dc9e3c34e HTTP/1.1" 200 1698 "http://localhost:8090/uis/index" "Mozilla/5.0 (Windows NT 10.0; Win64; x64; rv:126.0) Gecko/20100101 Firefox/126.0"
172.18.0.1 - - [20/Jun/2024:11:42:20 +0000] "GET /uis/w.jpg HTTP/1.1" 404 951607 "http://localhost:8090/uis/index" "Mozilla/5.0 (Windows NT 10.0; Win64; x64; rv:126.0) Gecko/20100101 Firefox/126.0"
172.18.0.1 - - [20/Jun/2024:11:42:22 +0000] "GET /debug_kit/css/style.css HTTP/1.1" 200 3421 "http://localhost:8090/debug-kit/toolbar/83790375-9cc0-42de-b85f-da8dc9e3c34e" "Mozilla/5.0 (Windows NT 10.0; Win64; x64; rv:126.0) Gecko/20100101 Firefox/126.0"
172.18.0.1 - - [20/Jun/2024:11:42:20 +0000] "GET /uis/getcontact?query=&page=1&limit=25 HTTP/1.1" 200 1704 "http://localhost:8090/uis/index" "Mozilla/5.0 (Windows NT 10.0; Win64; x64; rv:126.0) Gecko/20100101 Firefox/126.0"
172.18.0.1 - - [20/Jun/2024:11:42:22 +0000] "GET /debug_kit/css/reset.css HTTP/1.1" 200 1016 "http://localhost:8090/debug-kit/toolbar/83790375-9cc0-42de-b85f-da8dc9e3c34e" "Mozilla/5.0 (Windows NT 10.0; Win64; x64; rv:126.0) Gecko/20100101 Firefox/126.0"
172.18.0.1 - - [20/Jun/2024:11:42:22 +0000] "GET /debug_kit/js/main.js HTTP/1.1" 200 702 "http://localhost:8090/debug-kit/toolbar/83790375-9cc0-42de-b85f-da8dc9e3c34e" "Mozilla/5.0 (Windows NT 10.0; Win64; x64; rv:126.0) Gecko/20100101 Firefox/126.0"
172.18.0.1 - - [20/Jun/2024:11:42:22 +0000] "GET /debug_kit/js/jquery.js HTTP/1.1" 200 31303 "http://localhost:8090/debug-kit/toolbar/83790375-9cc0-42de-b85f-da8dc9e3c34e" "Mozilla/5.0 (Windows NT 10.0; Win64; x64; rv:126.0) Gecko/20100101 Firefox/126.0"
172.18.0.1 - - [20/Jun/2024:11:42:24 +0000] "GET /debug_kit/js/modules/Start.js HTTP/1.1" 200 776 "http://localhost:8090/debug_kit/js/main.js" "Mozilla/5.0 (Windows NT 10.0; Win64; x64; rv:126.0) Gecko/20100101 Firefox/126.0"
172.18.0.1 - - [20/Jun/2024:11:42:24 +0000] "GET /debug_kit/img/cake.icon.png HTTP/1.1" 200 1788 "http://localhost:8090/debug-kit/toolbar/83790375-9cc0-42de-b85f-da8dc9e3c34e" "Mozilla/5.0 (Windows NT 10.0; Win64; x64; rv:126.0) Gecko/20100101 Firefox/126.0"
172.18.0.1 - - [20/Jun/2024:11:42:24 +0000] "GET /debug_kit/js/modules/Keyboard.js HTTP/1.1" 200 804 "http://localhost:8090/debug_kit/js/main.js" "Mozilla/5.0 (Windows NT 10.0; Win64; x64; rv:126.0) Gecko/20100101 Firefox/126.0"
172.18.0.1 - - [20/Jun/2024:11:42:24 +0000] "GET /debug_kit/js/modules/Panels/CachePanel.js HTTP/1.1" 200 869 "http://localhost:8090/debug_kit/js/main.js" "Mozilla/5.0 (Windows NT 10.0; Win64; x64; rv:126.0) Gecko/20100101 Firefox/126.0"
172.18.0.1 - - [20/Jun/2024:11:42:24 +0000] "GET /debug_kit/js/modules/Panels/HistoryPanel.js HTTP/1.1" 200 1284 "http://localhost:8090/debug_kit/js/main.js" "Mozilla/5.0 (Windows NT 10.0; Win64; x64; rv:126.0) Gecko/20100101 Firefox/126.0"
172.18.0.1 - - [20/Jun/2024:11:42:25 +0000] "GET /debug_kit/js/modules/Panels/PackagesPanel.js HTTP/1.1" 200 1171 "http://localhost:8090/debug_kit/js/main.js" "Mozilla/5.0 (Windows NT 10.0; Win64; x64; rv:126.0) Gecko/20100101 Firefox/126.0"
172.18.0.1 - - [20/Jun/2024:11:42:25 +0000] "GET /debug_kit/js/modules/Panels/MailPanel.js HTTP/1.1" 200 781 "http://localhost:8090/debug_kit/js/main.js" "Mozilla/5.0 (Windows NT 10.0; Win64; x64; rv:126.0) Gecko/20100101 Firefox/126.0"
172.18.0.1 - - [20/Jun/2024:11:42:25 +0000] "GET /debug_kit/js/modules/Panels/VariablesPanel.js HTTP/1.1" 200 756 "http://localhost:8090/debug_kit/js/main.js" "Mozilla/5.0 (Windows NT 10.0; Win64; x64; rv:126.0) Gecko/20100101 Firefox/126.0"
172.18.0.1 - - [20/Jun/2024:11:42:26 +0000] "GET /debug_kit/js/modules/Toolbar.js HTTP/1.1" 200 2435 "http://localhost:8090/debug_kit/js/modules/Start.js" "Mozilla/5.0 (Windows NT 10.0; Win64; x64; rv:126.0) Gecko/20100101 Firefox/126.0"
172.18.0.1 - - [20/Jun/2024:11:42:26 +0000] "GET /debug_kit/js/modules/Helper.js HTTP/1.1" 200 588 "http://localhost:8090/debug_kit/js/modules/Start.js" "Mozilla/5.0 (Windows NT 10.0; Win64; x64; rv:126.0) Gecko/20100101 Firefox/126.0"
172.18.0.1 - - [20/Jun/2024:11:42:24 +0000] "GET /debug_kit/js/modules/Panels/RoutesPanel.js HTTP/1.1" 200 725 "http://localhost:8090/debug_kit/js/main.js" "Mozilla/5.0 (Windows NT 10.0; Win64; x64; rv:126.0) Gecko/20100101 Firefox/126.0"
127.0.0.1 - - [20/Jun/2024:11:42:33 +0000] "OPTIONS * HTTP/1.0" 200 126 "-" "Apache/2.4.56 (Debian) PHP/8.1.18 (internal dummy connection)"
172.18.0.1 - - [20/Jun/2024:12:07:10 +0000] "GET /uis/getrowhead/latheef2 HTTP/1.1" 200 686 "http://localhost:8090/uis/index" "Mozilla/5.0 (Windows NT 10.0; Win64; x64; rv:126.0) Gecko/20100101 Firefox/126.0"
172.18.0.1 - - [20/Jun/2024:12:07:11 +0000] "GET /uis/getrowhead/918086286826%3Cbr%3E%F0%9F%99%82 HTTP/1.1" 200 705 "http://localhost:8090/uis/index" "Mozilla/5.0 (Windows NT 10.0; Win64; x64; rv:126.0) Gecko/20100101 Firefox/126.0"
172.18.0.1 - - [20/Jun/2024:12:07:10 +0000] "GET /uis/getmsg/1 HTTP/1.1" 200 5433 "http://localhost:8090/uis/index" "Mozilla/5.0 (Windows NT 10.0; Win64; x64; rv:126.0) Gecko/20100101 Firefox/126.0"
172.18.0.1 - - [20/Jun/2024:12:07:11 +0000] "GET /uis/getmsg/24415 HTTP/1.1" 200 4770 "http://localhost:8090/uis/index" "Mozilla/5.0 (Windows NT 10.0; Win64; x64; rv:126.0) Gecko/20100101 Firefox/126.0"
172.18.0.1 - - [20/Jun/2024:12:07:12 +0000] "GET /uis/getrowhead/latheef2 HTTP/1.1" 200 686 "http://localhost:8090/uis/index" "Mozilla/5.0 (Windows NT 10.0; Win64; x64; rv:126.0) Gecko/20100101 Firefox/126.0"
172.18.0.1 - - [20/Jun/2024:12:07:13 +0000] "GET /uis/getrowhead/Latheef HTTP/1.1" 200 685 "http://localhost:8090/uis/index" "Mozilla/5.0 (Windows NT 10.0; Win64; x64; rv:126.0) Gecko/20100101 Firefox/126.0"
172.18.0.1 - - [20/Jun/2024:12:07:12 +0000] "GET /uis/getmsg/1 HTTP/1.1" 200 5427 "http://localhost:8090/uis/index" "Mozilla/5.0 (Windows NT 10.0; Win64; x64; rv:126.0) Gecko/20100101 Firefox/126.0"
172.18.0.1 - - [20/Jun/2024:12:07:13 +0000] "GET /uis/getmsg/11 HTTP/1.1" 200 5384 "http://localhost:8090/uis/index" "Mozilla/5.0 (Windows NT 10.0; Win64; x64; rv:126.0) Gecko/20100101 Firefox/126.0"
127.0.0.1 - - [20/Jun/2024:12:07:21 +0000] "OPTIONS * HTTP/1.0" 200 126 "-" "Apache/2.4.56 (Debian) PHP/8.1.18 (internal dummy connection)"
127.0.0.1 - - [20/Jun/2024:12:07:22 +0000] "OPTIONS * HTTP/1.0" 200 126 "-" "Apache/2.4.56 (Debian) PHP/8.1.18 (internal dummy connection)"
172.18.0.1 - - [20/Jun/2024:12:07:23 +0000] "GET /uis/getrowhead/latheef2 HTTP/1.1" 200 686 "http://localhost:8090/uis/index" "Mozilla/5.0 (Windows NT 10.0; Win64; x64; rv:126.0) Gecko/20100101 Firefox/126.0"
172.18.0.1 - - [20/Jun/2024:12:07:23 +0000] "GET /uis/getmsg/1 HTTP/1.1" 200 5428 "http://localhost:8090/uis/index" "Mozilla/5.0 (Windows NT 10.0; Win64; x64; rv:126.0) Gecko/20100101 Firefox/126.0"
172.18.0.1 - - [20/Jun/2024:12:07:40 +0000] "GET /uis/getmsg/34865 HTTP/1.1" 200 2157 "http://localhost:8090/uis/index" "Mozilla/5.0 (Windows NT 10.0; Win64; x64; rv:126.0) Gecko/20100101 Firefox/126.0"
172.18.0.1 - - [20/Jun/2024:12:07:40 +0000] "GET /uis/getmsg/1 HTTP/1.1" 200 5435 "http://localhost:8090/uis/index" "Mozilla/5.0 (Windows NT 10.0; Win64; x64; rv:126.0) Gecko/20100101 Firefox/126.0"
172.18.0.1 - - [20/Jun/2024:12:07:40 +0000] "GET /uis/getrowhead/919961796736 HTTP/1.1" 200 691 "http://localhost:8090/uis/index" "Mozilla/5.0 (Windows NT 10.0; Win64; x64; rv:126.0) Gecko/20100101 Firefox/126.0"
172.18.0.1 - - [20/Jun/2024:12:07:40 +0000] "GET /uis/getrowhead/latheef2 HTTP/1.1" 200 686 "http://localhost:8090/uis/index" "Mozilla/5.0 (Windows NT 10.0; Win64; x64; rv:126.0) Gecko/20100101 Firefox/126.0"
172.18.0.1 - - [20/Jun/2024:12:07:39 +0000] "GET /uis/getrowhead/918086286826%3Cbr%3E%F0%9F%99%82 HTTP/1.1" 200 705 "http://localhost:8090/uis/index" "Mozilla/5.0 (Windows NT 10.0; Win64; x64; rv:126.0) Gecko/20100101 Firefox/126.0"
172.18.0.1 - - [20/Jun/2024:12:07:40 +0000] "GET /uis/getmsg/19005 HTTP/1.1" 200 5578 "http://localhost:8090/uis/index" "Mozilla/5.0 (Windows NT 10.0; Win64; x64; rv:126.0) Gecko/20100101 Firefox/126.0"
172.18.0.1 - - [20/Jun/2024:12:07:39 +0000] "GET /uis/getmsg/24415 HTTP/1.1" 200 4781 "http://localhost:8090/uis/index" "Mozilla/5.0 (Windows NT 10.0; Win64; x64; rv:126.0) Gecko/20100101 Firefox/126.0"
172.18.0.1 - - [20/Jun/2024:12:07:40 +0000] "GET /uis/getrowhead/Aslam HTTP/1.1" 200 684 "http://localhost:8090/uis/index" "Mozilla/5.0 (Windows NT 10.0; Win64; x64; rv:126.0) Gecko/20100101 Firefox/126.0"
172.18.0.1 - - [20/Jun/2024:12:07:52 +0000] "GET /uis/getrowhead/918086286826%3Cbr%3E%F0%9F%99%82 HTTP/1.1" 200 704 "http://localhost:8090/uis/index" "Mozilla/5.0 (Windows NT 10.0; Win64; x64; rv:126.0) Gecko/20100101 Firefox/126.0"
172.18.0.1 - - [20/Jun/2024:12:07:52 +0000] "GET /uis/getrowhead/latheef2 HTTP/1.1" 200 685 "http://localhost:8090/uis/index" "Mozilla/5.0 (Windows NT 10.0; Win64; x64; rv:126.0) Gecko/20100101 Firefox/126.0"
172.18.0.1 - - [20/Jun/2024:12:07:53 +0000] "GET /uis/getrowhead/Latheef HTTP/1.1" 200 685 "http://localhost:8090/uis/index" "Mozilla/5.0 (Windows NT 10.0; Win64; x64; rv:126.0) Gecko/20100101 Firefox/126.0"
172.18.0.1 - - [20/Jun/2024:12:07:53 +0000] "GET /uis/getrowhead/Aslam HTTP/1.1" 200 683 "http://localhost:8090/uis/index" "Mozilla/5.0 (Windows NT 10.0; Win64; x64; rv:126.0) Gecko/20100101 Firefox/126.0"
172.18.0.1 - - [20/Jun/2024:12:07:51 +0000] "GET /uis/getmsg/24415 HTTP/1.1" 200 4778 "http://localhost:8090/uis/index" "Mozilla/5.0 (Windows NT 10.0; Win64; x64; rv:126.0) Gecko/20100101 Firefox/126.0"
172.18.0.1 - - [20/Jun/2024:12:07:53 +0000] "GET /uis/getmsg/2705 HTTP/1.1" 200 6530 "http://localhost:8090/uis/index" "Mozilla/5.0 (Windows NT 10.0; Win64; x64; rv:126.0) Gecko/20100101 Firefox/126.0"
172.18.0.1 - - [20/Jun/2024:12:07:52 +0000] "GET /uis/getmsg/19005 HTTP/1.1" 200 5577 "http://localhost:8090/uis/index" "Mozilla/5.0 (Windows NT 10.0; Win64; x64; rv:126.0) Gecko/20100101 Firefox/126.0"
172.18.0.1 - - [20/Jun/2024:12:07:52 +0000] "GET /uis/getmsg/11 HTTP/1.1" 200 5383 "http://localhost:8090/uis/index" "Mozilla/5.0 (Windows NT 10.0; Win64; x64; rv:126.0) Gecko/20100101 Firefox/126.0"
172.18.0.1 - - [20/Jun/2024:12:07:51 +0000] "GET /uis/getmsg/1 HTTP/1.1" 200 5442 "http://localhost:8090/uis/index" "Mozilla/5.0 (Windows NT 10.0; Win64; x64; rv:126.0) Gecko/20100101 Firefox/126.0"
172.18.0.1 - - [20/Jun/2024:12:07:56 +0000] "GET /uis/getrowhead/ifbstaff HTTP/1.1" 200 685 "http://localhost:8090/uis/index" "Mozilla/5.0 (Windows NT 10.0; Win64; x64; rv:126.0) Gecko/20100101 Firefox/126.0"
172.18.0.1 - - [20/Jun/2024:12:07:57 +0000] "GET /uis/getrowhead/latheef2 HTTP/1.1" 200 685 "http://localhost:8090/uis/index" "Mozilla/5.0 (Windows NT 10.0; Win64; x64; rv:126.0) Gecko/20100101 Firefox/126.0"
172.18.0.1 - - [20/Jun/2024:12:07:57 +0000] "GET /uis/getrowhead/Jalees HTTP/1.1" 200 684 "http://localhost:8090/uis/index" "Mozilla/5.0 (Windows NT 10.0; Win64; x64; rv:126.0) Gecko/20100101 Firefox/126.0"
172.18.0.1 - - [20/Jun/2024:12:07:56 +0000] "GET /uis/getmsg/1 HTTP/1.1" 200 5435 "http://localhost:8090/uis/index" "Mozilla/5.0 (Windows NT 10.0; Win64; x64; rv:126.0) Gecko/20100101 Firefox/126.0"
172.18.0.1 - - [20/Jun/2024:12:08:00 +0000] "GET /uis/getrowhead/918086286826%3Cbr%3E%F0%9F%99%82 HTTP/1.1" 200 704 "http://localhost:8090/uis/index" "Mozilla/5.0 (Windows NT 10.0; Win64; x64; rv:126.0) Gecko/20100101 Firefox/126.0"
172.18.0.1 - - [20/Jun/2024:12:07:59 +0000] "GET /uis/getmsg/661 HTTP/1.1" 200 5314 "http://localhost:8090/uis/index" "Mozilla/5.0 (Windows NT 10.0; Win64; x64; rv:126.0) Gecko/20100101 Firefox/126.0"
172.18.0.1 - - [20/Jun/2024:12:08:01 +0000] "GET /uis/getrowhead/Ashique HTTP/1.1" 200 686 "http://localhost:8090/uis/index" "Mozilla/5.0 (Windows NT 10.0; Win64; x64; rv:126.0) Gecko/20100101 Firefox/126.0"
172.18.0.1 - - [20/Jun/2024:12:07:59 +0000] "GET /uis/getmsg/24415 HTTP/1.1" 200 4784 "http://localhost:8090/uis/index" "Mozilla/5.0 (Windows NT 10.0; Win64; x64; rv:126.0) Gecko/20100101 Firefox/126.0"
172.18.0.1 - - [20/Jun/2024:12:08:04 +0000] "GET /uis/getrowhead/Online HTTP/1.1" 200 680 "http://localhost:8090/uis/index" "Mozilla/5.0 (Windows NT 10.0; Win64; x64; rv:126.0) Gecko/20100101 Firefox/126.0"
172.18.0.1 - - [20/Jun/2024:12:08:04 +0000] "GET /uis/getrowhead/ifbstaff HTTP/1.1" 200 685 "http://localhost:8090/uis/index" "Mozilla/5.0 (Windows NT 10.0; Win64; x64; rv:126.0) Gecko/20100101 Firefox/126.0"
172.18.0.1 - - [20/Jun/2024:12:08:02 +0000] "GET /uis/getmsg/7 HTTP/1.1" 200 6622 "http://localhost:8090/uis/index" "Mozilla/5.0 (Windows NT 10.0; Win64; x64; rv:126.0) Gecko/20100101 Firefox/126.0"
172.18.0.1 - - [20/Jun/2024:12:08:03 +0000] "GET /uis/getmsg/11057 HTTP/1.1" 200 5840 "http://localhost:8090/uis/index" "Mozilla/5.0 (Windows NT 10.0; Win64; x64; rv:126.0) Gecko/20100101 Firefox/126.0"
172.18.0.1 - - [20/Jun/2024:12:08:05 +0000] "GET /uis/getmsg/10 HTTP/1.1" 200 4154 "http://localhost:8090/uis/index" "Mozilla/5.0 (Windows NT 10.0; Win64; x64; rv:126.0) Gecko/20100101 Firefox/126.0"
172.18.0.1 - - [20/Jun/2024:12:08:09 +0000] "GET /uis/getrowhead/Shamsu HTTP/1.1" 200 685 "http://localhost:8090/uis/index" "Mozilla/5.0 (Windows NT 10.0; Win64; x64; rv:126.0) Gecko/20100101 Firefox/126.0"
172.18.0.1 - - [20/Jun/2024:12:08:08 +0000] "GET /uis/getmsg/2705 HTTP/1.1" 200 6530 "http://localhost:8090/uis/index" "Mozilla/5.0 (Windows NT 10.0; Win64; x64; rv:126.0) Gecko/20100101 Firefox/126.0"
172.18.0.1 - - [20/Jun/2024:12:08:09 +0000] "GET /uis/getmsg/11 HTTP/1.1" 200 5383 "http://localhost:8090/uis/index" "Mozilla/5.0 (Windows NT 10.0; Win64; x64; rv:126.0) Gecko/20100101 Firefox/126.0"
172.18.0.1 - - [20/Jun/2024:12:08:11 +0000] "GET /uis/getrowhead/Latheef HTTP/1.1" 200 685 "http://localhost:8090/uis/index" "Mozilla/5.0 (Windows NT 10.0; Win64; x64; rv:126.0) Gecko/20100101 Firefox/126.0"
172.18.0.1 - - [20/Jun/2024:12:08:12 +0000] "GET /uis/getrowhead/917011736291%3Cbr%3EAbubakar%20Delhi HTTP/1.1" 200 705 "http://localhost:8090/uis/index" "Mozilla/5.0 (Windows NT 10.0; Win64; x64; rv:126.0) Gecko/20100101 Firefox/126.0"
172.18.0.1 - - [20/Jun/2024:12:08:13 +0000] "GET /uis/getrowhead/Aslam HTTP/1.1" 200 683 "http://localhost:8090/uis/index" "Mozilla/5.0 (Windows NT 10.0; Win64; x64; rv:126.0) Gecko/20100101 Firefox/126.0"
172.18.0.1 - - [20/Jun/2024:12:08:10 +0000] "GET /uis/getmsg/10224 HTTP/1.1" 200 7583 "http://localhost:8090/uis/index" "Mozilla/5.0 (Windows NT 10.0; Win64; x64; rv:126.0) Gecko/20100101 Firefox/126.0"
172.18.0.1 - - [20/Jun/2024:12:08:14 +0000] "GET /uis/getmsg/4926 HTTP/1.1" 200 4279 "http://localhost:8090/uis/index" "Mozilla/5.0 (Windows NT 10.0; Win64; x64; rv:126.0) Gecko/20100101 Firefox/126.0"
172.18.0.1 - - [20/Jun/2024:12:08:16 +0000] "GET /uis/getrowhead/Jalees HTTP/1.1" 200 684 "http://localhost:8090/uis/index" "Mozilla/5.0 (Windows NT 10.0; Win64; x64; rv:126.0) Gecko/20100101 Firefox/126.0"
172.18.0.1 - - [20/Jun/2024:12:08:16 +0000] "GET /uis/getmsg/19005 HTTP/1.1" 200 5577 "http://localhost:8090/uis/index" "Mozilla/5.0 (Windows NT 10.0; Win64; x64; rv:126.0) Gecko/20100101 Firefox/126.0"
172.18.0.1 - - [20/Jun/2024:12:08:17 +0000] "GET /uis/getrowhead/SETHU HTTP/1.1" 200 688 "http://localhost:8090/uis/index" "Mozilla/5.0 (Windows NT 10.0; Win64; x64; rv:126.0) Gecko/20100101 Firefox/126.0"
172.18.0.1 - - [20/Jun/2024:12:08:19 +0000] "GET /uis/getrowhead/Bincy HTTP/1.1" 200 684 "http://localhost:8090/uis/index" "Mozilla/5.0 (Windows NT 10.0; Win64; x64; rv:126.0) Gecko/20100101 Firefox/126.0"
172.18.0.1 - - [20/Jun/2024:12:08:18 +0000] "GET /uis/getmsg/661 HTTP/1.1" 200 5314 "http://localhost:8090/uis/index" "Mozilla/5.0 (Windows NT 10.0; Win64; x64; rv:126.0) Gecko/20100101 Firefox/126.0"
172.18.0.1 - - [20/Jun/2024:12:08:19 +0000] "GET /uis/getmsg/11 HTTP/1.1" 200 5383 "http://localhost:8090/uis/index" "Mozilla/5.0 (Windows NT 10.0; Win64; x64; rv:126.0) Gecko/20100101 Firefox/126.0"
172.18.0.1 - - [20/Jun/2024:12:08:19 +0000] "GET /uis/getrowhead/Latheef HTTP/1.1" 200 685 "http://localhost:8090/uis/index" "Mozilla/5.0 (Windows NT 10.0; Win64; x64; rv:126.0) Gecko/20100101 Firefox/126.0"
172.18.0.1 - - [20/Jun/2024:12:08:21 +0000] "GET /uis/getmsg/5205 HTTP/1.1" 200 4215 "http://localhost:8090/uis/index" "Mozilla/5.0 (Windows NT 10.0; Win64; x64; rv:126.0) Gecko/20100101 Firefox/126.0"
172.18.0.1 - - [20/Jun/2024:12:08:23 +0000] "GET /uis/getrowhead/latheef2 HTTP/1.1" 200 685 "http://localhost:8090/uis/index" "Mozilla/5.0 (Windows NT 10.0; Win64; x64; rv:126.0) Gecko/20100101 Firefox/126.0"
172.18.0.1 - - [20/Jun/2024:12:08:22 +0000] "GET /uis/getmsg/1 HTTP/1.1" 200 5430 "http://localhost:8090/uis/index" "Mozilla/5.0 (Windows NT 10.0; Win64; x64; rv:126.0) Gecko/20100101 Firefox/126.0"
127.0.0.1 - - [20/Jun/2024:12:08:32 +0000] "OPTIONS * HTTP/1.0" 200 126 "-" "Apache/2.4.56 (Debian) PHP/8.1.18 (internal dummy connection)"
127.0.0.1 - - [20/Jun/2024:12:08:33 +0000] "OPTIONS * HTTP/1.0" 200 126 "-" "Apache/2.4.56 (Debian) PHP/8.1.18 (internal dummy connection)"
127.0.0.1 - - [20/Jun/2024:12:08:34 +0000] "OPTIONS * HTTP/1.0" 200 126 "-" "Apache/2.4.56 (Debian) PHP/8.1.18 (internal dummy connection)"
127.0.0.1 - - [20/Jun/2024:12:08:35 +0000] "OPTIONS * HTTP/1.0" 200 126 "-" "Apache/2.4.56 (Debian) PHP/8.1.18 (internal dummy connection)"
172.18.0.1 - - [20/Jun/2024:14:38:53 +0000] "GET /uis/getrowhead/latheef2 HTTP/1.1" 200 686 "http://localhost:8090/uis/index" "Mozilla/5.0 (Windows NT 10.0; Win64; x64; rv:126.0) Gecko/20100101 Firefox/126.0"
172.18.0.1 - - [20/Jun/2024:14:38:53 +0000] "GET /uis/getmsg/1 HTTP/1.1" 200 5425 "http://localhost:8090/uis/index" "Mozilla/5.0 (Windows NT 10.0; Win64; x64; rv:126.0) Gecko/20100101 Firefox/126.0"
172.18.0.1 - - [20/Jun/2024:14:39:10 +0000] "GET /uis/getrowhead/Latheef HTTP/1.1" 200 686 "http://localhost:8090/uis/index" "Mozilla/5.0 (Windows NT 10.0; Win64; x64; rv:126.0) Gecko/20100101 Firefox/126.0"
172.18.0.1 - - [20/Jun/2024:14:39:10 +0000] "GET /uis/getmsg/11 HTTP/1.1" 200 5384 "http://localhost:8090/uis/index" "Mozilla/5.0 (Windows NT 10.0; Win64; x64; rv:126.0) Gecko/20100101 Firefox/126.0"
172.18.0.1 - - [20/Jun/2024:14:40:03 +0000] "GET //uis/getmsg/11 HTTP/1.1" 200 5384 "-" "Mozilla/5.0 (Windows NT 10.0; Win64; x64; rv:126.0) Gecko/20100101 Firefox/126.0"
172.18.0.1 - - [20/Jun/2024:14:41:56 +0000] "GET //uis/getmsg/11 HTTP/1.1" 200 9750 "-" "Mozilla/5.0 (Windows NT 10.0; Win64; x64; rv:126.0) Gecko/20100101 Firefox/126.0"
172.18.0.1 - - [20/Jun/2024:14:44:50 +0000] "GET /uis/index HTTP/1.1" 200 6437 "http://localhost:8090/chats/" "Mozilla/5.0 (Windows NT 10.0; Win64; x64; rv:126.0) Gecko/20100101 Firefox/126.0"
172.18.0.1 - - [20/Jun/2024:14:44:55 +0000] "GET /debug-kit/toolbar/e9542639-5263-4c1d-943a-3e542292464c HTTP/1.1" 200 1696 "http://localhost:8090/uis/index" "Mozilla/5.0 (Windows NT 10.0; Win64; x64; rv:126.0) Gecko/20100101 Firefox/126.0"
172.18.0.1 - - [20/Jun/2024:14:44:55 +0000] "GET /uis/w.jpg HTTP/1.1" 404 1028780 "http://localhost:8090/uis/index" "Mozilla/5.0 (Windows NT 10.0; Win64; x64; rv:126.0) Gecko/20100101 Firefox/126.0"
172.18.0.1 - - [20/Jun/2024:14:44:55 +0000] "GET /uis/getcontact?query=&page=1&limit=25 HTTP/1.1" 200 1702 "http://localhost:8090/uis/index" "Mozilla/5.0 (Windows NT 10.0; Win64; x64; rv:126.0) Gecko/20100101 Firefox/126.0"
172.18.0.1 - - [20/Jun/2024:14:47:36 +0000] "GET //uis/getmsg/24415 HTTP/1.1" 200 37805 "-" "Mozilla/5.0 (Windows NT 10.0; Win64; x64; rv:126.0) Gecko/20100101 Firefox/126.0"
172.18.0.1 - - [20/Jun/2024:14:50:31 +0000] "GET //uis/getmsg/24415 HTTP/1.1" 200 4809 "-" "Mozilla/5.0 (Windows NT 10.0; Win64; x64; rv:126.0) Gecko/20100101 Firefox/126.0"
172.18.0.1 - - [20/Jun/2024:14:52:26 +0000] "POST /chats/sendMessage HTTP/1.1" 500 489 "-" "PostmanRuntime/7.39.0"
172.18.0.1 - - [20/Jun/2024:14:53:25 +0000] "GET //uis/getmsg/24415 HTTP/1.1" 200 4807 "-" "Mozilla/5.0 (Windows NT 10.0; Win64; x64; rv:126.0) Gecko/20100101 Firefox/126.0"
172.18.0.1 - - [20/Jun/2024:14:54:13 +0000] "GET //uis/getmsg/24415 HTTP/1.1" 200 20018 "-" "Mozilla/5.0 (Windows NT 10.0; Win64; x64; rv:126.0) Gecko/20100101 Firefox/126.0"
172.18.0.1 - - [20/Jun/2024:14:57:44 +0000] "GET /uis/getrowhead/latheef2 HTTP/1.1" 200 686 "http://localhost:8090/uis/index" "Mozilla/5.0 (Windows NT 10.0; Win64; x64; rv:126.0) Gecko/20100101 Firefox/126.0"
172.18.0.1 - - [20/Jun/2024:14:57:44 +0000] "GET /uis/getmsg/1 HTTP/1.1" 200 67304 "http://localhost:8090/uis/index" "Mozilla/5.0 (Windows NT 10.0; Win64; x64; rv:126.0) Gecko/20100101 Firefox/126.0"
172.18.0.1 - - [20/Jun/2024:14:57:52 +0000] "GET /uis/getrowhead/Latheef HTTP/1.1" 200 685 "http://localhost:8090/uis/index" "Mozilla/5.0 (Windows NT 10.0; Win64; x64; rv:126.0) Gecko/20100101 Firefox/126.0"
172.18.0.1 - - [20/Jun/2024:14:57:52 +0000] "GET /uis/getmsg/11 HTTP/1.1" 200 9580 "http://localhost:8090/uis/index" "Mozilla/5.0 (Windows NT 10.0; Win64; x64; rv:126.0) Gecko/20100101 Firefox/126.0"
